// Jest Snapshot v1, https://goo.gl/fbAQLP

exports[`profile-context unit test 1`] = `
Object {
  "profileContext": Object {
    "disclaimer": Object {
      "disclaimer_show": true,
      "dont_show_again": false,
    },
    "selected_level": 5,
    "streak": Object {
      "current": 0,
      "lastActivity": "",
      "streak_show": true,
    },
    "work_average_deviation": Object {
      "current": 0,
      "improvement": "same",
      "total_activities": 0,
    },
  },
  "updateCurrentStreak": [Function],
  "updateProfileContext": [Function],
  "updateWorkAverageDeviation": [Function],
}
`;

exports[`profile-context unit test 2`] = `null`;
