// Jest Snapshot v1, https://goo.gl/fbAQLP

exports[`ModalDayActivities - unit test should render with custom props 1`] = `
<View
  style={
    Object {
      "alignItems": "center",
      "backgroundColor": "rgba(0, 0, 0, 0.5)",
      "flex": 1,
      "justifyContent": "center",
    }
  }
>
  <Modal
    animationType="none"
    hardwareAccelerated={false}
    transparent={true}
    visible={true}
  >
    <View
      style={
        Object {
          "alignItems": "center",
          "backgroundColor": "rgba(0, 0, 0, 0.5)",
          "flex": 1,
          "justifyContent": "center",
        }
      }
    >
      <View
        style={
          Object {
            "alignItems": "center",
            "backgroundColor": "white",
            "borderRadius": 12,
            "elevation": 5,
            "padding": 20,
            "shadowColor": "#000",
            "shadowOffset": Object {
              "height": 2,
              "width": 0,
            },
            "shadowOpacity": 0.25,
            "shadowRadius": 2.84,
            "width": "80%",
          }
        }
      >
        <View
          style={
            Object {
              "flexDirection": "row",
              "justifyContent": "space-around",
              "width": "105%",
            }
          }
        >
          <Text
            style={
              Object {
                "color": "#002f56",
                "fontFamily": "tit-regular",
                "fontSize": 20,
                "textAlign": "center",
                "width": "80%",
              }
            }
          >
            ModalDayActivities
          </Text>
        </View>
        <View
          style={
            Object {
              "width": "100%",
            }
          }
        >
          <View
            style={
              Object {
                "maxHeight": 260,
                "width": "100%",
              }
            }
          >
            <RCTScrollView>
              <View>
                <View
                  accessible={true}
                  focusable={true}
                  isTVSelectable={true}
                  onClick={[Function]}
                  onResponderGrant={[Function]}
                  onResponderMove={[Function]}
                  onResponderRelease={[Function]}
                  onResponderTerminate={[Function]}
                  onResponderTerminationRequest={[Function]}
                  onStartShouldSetResponder={[Function]}
                  style={
                    Object {
                      "opacity": 1,
                      "paddingHorizontal": 10,
                      "paddingTop": 10,
                    }
                  }
                  testID="activity_select_2020-07-26T15:15:43.411Z"
                >
                  <View>
                    <View
                      style={
                        Object {
                          "flexDirection": "row",
                          "justifyContent": "space-between",
                        }
                      }
                    >
                      <View
                        style={
                          Object {
                            "justifyContent": "center",
                            "width": "10%",
                          }
                        }
                      >
                        <Text
                          allowFontScaling={false}
                          style={
                            Array [
                              Object {
                                "color": "#00b8bb",
                                "fontSize": 20,
                              },
                              undefined,
                              Object {
                                "fontFamily": "material-community",
                                "fontStyle": "normal",
                                "fontWeight": "normal",
                              },
                              Object {},
                            ]
                          }
                        >
                          
                        </Text>
                      </View>
                      <Text
                        style={
                          Object {
                            "color": "#3e4b57",
                            "fontFamily": "tit-light",
                            "fontSize": 17,
                            "opacity": 1,
                            "paddingLeft": 10,
                            "textAlign": "left",
                            "width": "80%",
                          }
                        }
                      >
                        Excercise Title
                      </Text>
                      <View
                        style={
                          Object {
                            "justifyContent": "center",
                            "opacity": 1,
                            "width": "10%",
                          }
                        }
                      >
                        <Text
                          allowFontScaling={false}
                          style={
                            Array [
                              Object {
                                "color": "#CCC",
                                "fontSize": 25,
                              },
                              undefined,
                              Object {
                                "fontFamily": "material-community",
                                "fontStyle": "normal",
                                "fontWeight": "normal",
                              },
                              Object {},
                            ]
                          }
                        >
                          
                        </Text>
                      </View>
                    </View>
                  </View>
                </View>
                <View
                  accessible={true}
                  focusable={true}
                  isTVSelectable={true}
                  onClick={[Function]}
                  onResponderGrant={[Function]}
                  onResponderMove={[Function]}
                  onResponderRelease={[Function]}
                  onResponderTerminate={[Function]}
                  onResponderTerminationRequest={[Function]}
                  onStartShouldSetResponder={[Function]}
                  style={
                    Object {
                      "opacity": 1,
                      "paddingHorizontal": 10,
                      "paddingTop": 10,
                    }
                  }
                  testID="activity_select_2020-07-26T16:16:43.411Z"
                >
                  <View>
                    <View
                      style={
                        Object {
                          "flexDirection": "row",
                          "justifyContent": "space-between",
                        }
                      }
                    >
                      <View
                        style={
                          Object {
                            "justifyContent": "center",
                            "width": "10%",
                          }
                        }
                      >
                        <Text
                          allowFontScaling={false}
                          style={
                            Array [
                              Object {
                                "color": "#00b8bb",
                                "fontSize": 20,
                              },
                              undefined,
                              Object {
                                "fontFamily": "material-community",
                                "fontStyle": "normal",
                                "fontWeight": "normal",
                              },
                              Object {},
                            ]
                          }
                        >
                          
                        </Text>
                      </View>
                      <Text
                        style={
                          Object {
                            "color": "#3e4b57",
                            "fontFamily": "tit-light",
                            "fontSize": 17,
                            "opacity": 1,
                            "paddingLeft": 10,
                            "textAlign": "left",
                            "width": "80%",
                          }
                        }
                      >
                        Excercise Title 2
                      </Text>
                      <View
                        style={
                          Object {
                            "justifyContent": "center",
                            "opacity": 1,
                            "width": "10%",
                          }
                        }
                      >
                        <Text
                          allowFontScaling={false}
                          style={
                            Array [
                              Object {
                                "color": "#CCC",
                                "fontSize": 25,
                              },
                              undefined,
                              Object {
                                "fontFamily": "material-community",
                                "fontStyle": "normal",
                                "fontWeight": "normal",
                              },
                              Object {},
                            ]
                          }
                        >
                          
                        </Text>
                      </View>
                    </View>
                  </View>
                </View>
              </View>
            </RCTScrollView>
          </View>
        </View>
        <View
          style={
            Object {
              "flexDirection": "row",
              "justifyContent": "space-around",
              "marginTop": 20,
              "width": "100%",
            }
          }
        >
          <View
            style={
              Object {
                "width": "40%",
              }
            }
          >
            <View
              accessible={true}
              focusable={true}
              isTVSelectable={true}
              onClick={[Function]}
              onResponderGrant={[Function]}
              onResponderMove={[Function]}
              onResponderRelease={[Function]}
              onResponderTerminate={[Function]}
              onResponderTerminationRequest={[Function]}
              onStartShouldSetResponder={[Function]}
              style={
                Object {
                  "opacity": 1,
                }
              }
            >
              <View
                style={
                  Object {
                    "backgroundColor": "white",
                    "borderColor": "#CCC",
                    "borderRadius": 8,
                    "borderWidth": 1,
                    "justifyContent": "center",
                    "paddingHorizontal": 14,
                    "paddingVertical": 8,
                    "shadowColor": "#000",
                    "shadowOffset": Object {
                      "height": 2,
                      "width": 0,
                    },
                    "shadowOpacity": 0.25,
                    "shadowRadius": 2.84,
                  }
                }
              >
                <Text
                  style={
                    Object {
                      "color": "#3e4b57",
                      "fontFamily": "tit-regular",
                      "fontSize": 14,
                      "opacity": 1,
                      "textAlign": "center",
                      "textTransform": "uppercase",
                    }
                  }
                >
                  Back
                </Text>
              </View>
            </View>
          </View>
        </View>
      </View>
    </View>
  </Modal>
</View>
`;
